[kits.pixel-show.com/careerster/template-kit/home-1/index.html]
[backblue.gif]
[fade.gif]
[index.html]
[kits.pixel-show.com/careerster/wp-includes/css/dist/block-library/style.min5156.css]
[kits.pixel-show.com/careerster/wp-content/plugins/contact-form-7/includes/css/styles7752.css]
[kits.pixel-show.com/careerster/wp-content/plugins/template-kit-export/public/assets/css/template-kit-export-public.min18c7.css]
[kits.pixel-show.com/careerster/wp-content/plugins/header-footer-elementor/assets/css/header-footer-elementor6bc5.css]
[kits.pixel-show.com/careerster/wp-content/plugins/elementor/assets/lib/eicons/css/elementor-icons.min87e8.css]
[kits.pixel-show.com/careerster/wp-content/plugins/elementor/assets/lib/animations/animations.min7c53.css]
[kits.pixel-show.com/careerster/wp-content/plugins/elementor/assets/css/frontend.min7c53.css]
[kits.pixel-show.com/careerster/wp-content/plugins/elementor-pro/assets/css/frontend.minf7ff.css]
[kits.pixel-show.com/careerster/wp-content/uploads/sites/4/elementor/css/post-30b0e4.css]
[kits.pixel-show.com/careerster/wp-content/uploads/sites/4/elementor/css/post-228d2c7.css]
[kits.pixel-show.com/careerster/wp-content/plugins/header-footer-elementor/inc/widgets-css/frontend6bc5.css]
[kits.pixel-show.com/careerster/wp-content/uploads/sites/4/elementor/css/post-453b0e4.css]
[kits.pixel-show.com/careerster/wp-content/themes/hello-elementor/style.min3601.css]
[kits.pixel-show.com/careerster/wp-content/themes/hello-elementor/theme.min3601.css]
[kits.pixel-show.com/careerster/wp-content/plugins/elementor/assets/lib/font-awesome/css/fontawesome.minb683.css]
[kits.pixel-show.com/careerster/wp-content/plugins/elementor/assets/lib/font-awesome/css/brands.minb683.css]
[kits.pixel-show.com/careerster/wp-content/plugins/elementor/assets/lib/font-awesome/css/solid.minb683.css]
[kits.pixel-show.com/careerster/wp-content/plugins/elementor/assets/lib/font-awesome/css/regular.minb683.css]
[kits.pixel-show.com/careerster/wp-includes/js/jquery/jquery4a5f.js]
[kits.pixel-show.com/careerster/wp-content/plugins/template-kit-export/public/assets/js/template-kit-export-public.min18c7.js]
[kits.pixel-show.com/careerster/wp-content/uploads/sites/4/2020/03/a-portrait-of-caucasian-man-PDZTLMB-min.jpg]
[kits.pixel-show.com/careerster/wp-content/uploads/sites/4/2020/03/cortex-min.jpg]
[kits.pixel-show.com/careerster/wp-content/uploads/sites/4/2020/03/upwards.jpg]
[kits.pixel-show.com/careerster/wp-content/uploads/sites/4/2020/03/flowerbook.jpg]
[kits.pixel-show.com/careerster/wp-content/uploads/sites/4/2020/03/01_User_Dashboard_Design-min.jpg]
[kits.pixel-show.com/careerster/wp-content/uploads/sites/4/elementor/thumbs/the_logos_60_black_25-om7orlfuejl52ap98jjszt0w3gs6m0hg71yirjrpo0.png]
[kits.pixel-show.com/careerster/wp-content/uploads/sites/4/elementor/thumbs/the_logos_60_black_05-om7orlfuejl52ap98jjszt0w3gs6m0hg71yirjrpo0.png]
[kits.pixel-show.com/careerster/wp-content/uploads/sites/4/elementor/thumbs/the_logos_60_black_10-om7orlfuejl52ap98jjszt0w3gs6m0hg71yirjrpo0.png]
[kits.pixel-show.com/careerster/wp-content/uploads/sites/4/elementor/thumbs/the_logos_60_black_13-om7ormdoldmfdwnw31yfkascounjtpl6j6m08tqbhs.png]
[kits.pixel-show.com/careerster/wp-content/uploads/sites/4/elementor/thumbs/the_logos_60_black_18-om7ormdoldmfdwnw31yfkascounjtpl6j6m08tqbhs.png]
[kits.pixel-show.com/careerster/wp-content/uploads/sites/4/elementor/thumbs/the_logos_60_black_20-om7ormdoldmfdwnw31yfkascounjtpl6j6m08tqbhs.png]
[kits.pixel-show.com/careerster/wp-content/uploads/sites/4/elementor/thumbs/the_logos_60_black_23-om7ornbis7nppimixkd24sjta8ix1eowvb9hq3oxbk.jpg]
[kits.pixel-show.com/careerster/wp-content/uploads/sites/4/elementor/thumbs/the_logos_60_black_24-om7ornbis7nppimixkd24sjta8ix1eowvb9hq3oxbk.png]
[kits.pixel-show.com/careerster/wp-content/uploads/sites/4/2020/03/a-portrait-of-caucasian-man-PWZQSFA-1024x876.jpg]
[kits.pixel-show.com/careerster/wp-content/plugins/contact-form-7/includes/js/scripts7752.js]
[kits.pixel-show.com/careerster/wp-includes/js/wp-embed.min5156.js]
[kits.pixel-show.com/careerster/wp-content/plugins/header-footer-elementor/inc/js/frontend6bc5.js]
[kits.pixel-show.com/careerster/wp-content/plugins/elementor/assets/lib/jquery-numerator/jquery-numerator.min3958.js]
[kits.pixel-show.com/careerster/wp-content/plugins/elementor/assets/js/frontend-modules.min7c53.js]
[kits.pixel-show.com/careerster/wp-content/plugins/elementor-pro/assets/lib/sticky/jquery.sticky.minf7ff.js]
[kits.pixel-show.com/careerster/wp-content/plugins/elementor-pro/assets/js/frontend.minf7ff.js]
[kits.pixel-show.com/careerster/wp-includes/js/jquery/ui/position.mine899.js]
[kits.pixel-show.com/careerster/wp-content/plugins/elementor/assets/lib/dialog/dialog.minae9e.js]
[kits.pixel-show.com/careerster/wp-content/plugins/elementor/assets/lib/waypoints/waypoints.min05da.js]
[kits.pixel-show.com/careerster/wp-content/plugins/elementor/assets/lib/swiper/swiper.min48f5.js]
[kits.pixel-show.com/careerster/wp-content/plugins/elementor/assets/lib/share-link/share-link.min7c53.js]
[kits.pixel-show.com/careerster/template-kit/home-1/index.html]
[kits.pixel-show.com/careerster/wp-includes/css/dist/block-library/style.min5156.css]
[kits.pixel-show.com/careerster/wp-content/plugins/elementor/assets/js/frontend.min7c53.js]
[kits.pixel-show.com/careerster/wp-content/plugins/contact-form-7/images/ajax-loader.gif]
[kits.pixel-show.com/careerster/wp-content/plugins/contact-form-7/includes/css/styles7752.css]
[kits.pixel-show.com/careerster/wp-content/plugins/template-kit-export/public/assets/css/template-kit-export-public.min18c7.css]
[kits.pixel-show.com/careerster/wp-content/plugins/header-footer-elementor/assets/css/header-footer-elementor6bc5.css]
[kits.pixel-show.com/careerster/wp-content/plugins/elementor/assets/lib/eicons/css/elementor-icons.min87e8.css]
[kits.pixel-show.com/careerster/wp-content/plugins/elementor/assets/lib/animations/animations.min7c53.css]
[kits.pixel-show.com/careerster/wp-content/plugins/elementor/assets/css/frontend.min7c53.css]
[kits.pixel-show.com/careerster/wp-content/plugins/elementor-pro/assets/css/frontend.minf7ff.css]
[kits.pixel-show.com/careerster/wp-content/uploads/sites/4/elementor/css/post-30b0e4.css]
[kits.pixel-show.com/careerster/wp-content/uploads/sites/4/elementor/css/post-228d2c7.css]
[kits.pixel-show.com/careerster/wp-content/plugins/header-footer-elementor/inc/widgets-css/frontend6bc5.css]
[kits.pixel-show.com/careerster/wp-content/uploads/sites/4/elementor/css/post-453b0e4.css]
[kits.pixel-show.com/careerster/wp-content/themes/hello-elementor/style.min3601.css]
[kits.pixel-show.com/careerster/wp-content/themes/hello-elementor/theme.min3601.css]
[kits.pixel-show.com/careerster/wp-content/plugins/elementor/assets/lib/font-awesome/css/fontawesome.minb683.css]
[kits.pixel-show.com/careerster/wp-content/plugins/elementor/assets/lib/font-awesome/css/brands.minb683.css]
[kits.pixel-show.com/careerster/wp-content/plugins/elementor/assets/lib/font-awesome/css/solid.minb683.css]
[kits.pixel-show.com/careerster/wp-content/plugins/elementor/assets/lib/font-awesome/css/regular.minb683.css]
